51.la
51y5.net
a.adtng.com
aaxads.com
ad-srv.net
ad.12306.cn
ad.api.moji.com
ad.cub.red
ad.unimhk.com
ad.wang502.com
adbutter.net
addthisedge.com
adivery.com
adivery.ir
adq.chinaso.com
ads.trafficjunky.net
ads.wteam.xyz
adservice.google
adtechus.com
adtrue.com
adx.36kr.com
adxprtz.com
atrace.chelaile.net.cn
beizi.biz
cdn.advertserve.com
cdn.banclip.com
cfts1tifqr.com
china-caa.org
chinaciaf.org
click.ali213.net
cnaa123.com
contentabc.com
cretgate.com
das-rpt-log.ucloud.cn
decide.mixpanel.com
dn-growing.qbox.me
ero-advertising.com
eroadvertising.com
exoclick.com
exosrv.com
go2.global
gozendata.com
gz-data.com
gzads.com
hubcloud.com.cn
iabchina.cn
img-bss.csdn.net
imglnkc.com
imglnkd.com
innovid.com
ipinyou.com
ipinyou.com.cn
jads.co
jl3.yjaxa.top
juicyads.com
kaprila.com
kepler-37b.com
leanplum.com
logs.chelaile.net.cn
lqc006.com
moat.com
moatads.com
mobwithad.com
najva.com
onesignal.com
optaim.com
pbmp.ali213.net
pinggai0.caixin.com
pinggai1.caixin.com
pinggai2.caixin.com
pinggai3.caixin.com
pinggai4.caixin.com
pinggai5.caixin.com
pinggai6.caixin.com
pinggai7.caixin.com
pinggai8.caixin.com
pinggai9.caixin.com
reachmax.cn
realsrv.com
reyun.com
s4yxaqyq95.com
sabavision.com
shhs-ydd8x2.yjrmss.cn
shuzilm.cn
speed.coe
speed.open
stat.chinaso.com
static.javhd.com
taboola.com
tapsell.ir
telecome.cn
tm-banners.gamingadult.com
toboads.com
trafficfactory.biz
tsyndicate.com
unioncom.cc
wwads.cn
yektanet.com
yfanads.cn
yfanads.com
zhugeapi.com
zhugeapi.net
zhugeio.com
zxid-api.mobileservice.cn
zxid-m.mobileservice.cn
