2001:19f0:1000::/37
2001:19f0:4000::/35
2001:19f0:6000::/36
2001:19f0:7000::/37
2001:19f0:8000::/38
2001:19f0:8800::/38
2001:19f0:9000::/36
2001:19f0::/38
2001:19f0:a800::/37
2001:19f0:b000::/37
2001:19f0:b800::/38
2001:19f0:c000::/38
2001:19f0:c800::/38
2001:19f0:ccc::/47
2001:19f0:ffff::/48
2001:678:580::/48
2401:c080:1000::/36
2401:c080:2000::/37
2401:c080:3000::/37
2401:c080:3800::/38
2402:9e80:10::/48
2403:7f40:ff00::/48
2406:c500:ffd0::/48
2602:810:6008::/48
2602:f363::/40
2602:f4fb::/36
2602:f6ac::/36
2602:f70f:100::/48
2602:f96d:103::/48
2602:f992:d1::/48
2602:fb1b::/48
2602:fed2:7100::/48
2602:fed2:710e::/48
2602:fed2:719b::/48
2602:fed2:719c::/48
2602:fed2:719e::/48
2602:fed2:7309::/48
2602:fed2:730d::/48
2602:fed2:731c::/48
2602:ff03:108::/48
2602:ff03:110::/48
2602:ff03:112::/48
2602:ff03:11a::/48
2602:ff03:122::/48
2602:ff03:127::/48
2602:ff03:12e::/48
2602:ff03:134::/48
2602:ff03:139::/48
2602:ff03:13b::/48
2602:ff03:141::/48
2602:ff03:146::/48
2602:ff03:148::/48
2602:ff03:14c::/47
2602:ff03:15a::/48
2602:ff03:166::/48
2602:ff03:16::/48
2602:ff03:16f::/48
2602:ff03:17a::/48
2602:ff03:17c::/48
2602:ff03:181::/48
2602:ff03:1a9::/48
2602:ff03:1a::/48
2602:ff03:1b1::/48
2602:ff03:1b3::/48
2602:ff03:1c2::/48
2602:ff03:1ce::/48
2602:ff03:1d8::/47
2602:ff03:1d::/48
2602:ff03:1e2::/48
2602:ff03:1e6::/48
2602:ff03:1ea::/48
2602:ff03:1ec::/48
2602:ff03:1ee::/48
2602:ff03:1f2::/48
2602:ff03:1f5::/48
2602:ff03:20::/48
2602:ff03:20c::/48
2602:ff03:213::/48
2602:ff03:21a::/48
2602:ff03:221::/48
2602:ff03:236::/48
2602:ff03:23c::/48
2602:ff03:24e::/48
2602:ff03:250::/48
2602:ff03:254::/48
2602:ff03:256::/48
2602:ff03:25a::/47
2602:ff03:25c::/48
2602:ff03:269::/48
2602:ff03:274::/48
2602:ff03:279::/48
2602:ff03:286::/47
2602:ff03:28c::/47
2602:ff03:28f::/48
2602:ff03:293::/48
2602:ff03:299::/48
2602:ff03:29::/48
2602:ff03:29a::/48
2602:ff03:29e::/48
2602:ff03:2a3::/48
2602:ff03:2a::/47
2602:ff03:2ab::/48
2602:ff03:2b4::/48
2602:ff03:2ba::/48
2602:ff03:2bd::/48
2602:ff03:2c5::/48
2602:ff03:2c6::/47
2602:ff03:2d0::/48
2602:ff03:2d5::/48
2602:ff03:2d8::/48
2602:ff03:2d::/48
2602:ff03:2da::/47
2602:ff03:2df::/48
2602:ff03:2e6::/48
2602:ff03:2ea::/48
2602:ff03:2f1::/48
2602:ff03:2f::/48
2602:ff03:300::/48
2602:ff03:310::/48
2602:ff03:317::/48
2602:ff03:320::/48
2602:ff03:328::/48
2602:ff03:32b::/48
2602:ff03:32c::/48
2602:ff03:330::/48
2602:ff03:334::/48
2602:ff03:33b::/48
2602:ff03:345::/48
2602:ff03:347::/48
2602:ff03:355::/48
2602:ff03:356::/48
2602:ff03:35f::/48
2602:ff03:361::/48
2602:ff03:365::/48
2602:ff03:370::/48
2602:ff03:37a::/47
2602:ff03:380::/48
2602:ff03:382::/48
2602:ff03:391::/48
2602:ff03:392::/47
2602:ff03:39f::/48
2602:ff03:3a9::/48
2602:ff03:3ab::/48
2602:ff03:3af::/48
2602:ff03:3b9::/48
2602:ff03:3bf::/48
2602:ff03:3c6::/48
2602:ff03:3d5::/48
2602:ff03:3da::/48
2602:ff03:3e5::/48
2602:ff03:3f0::/48
2602:ff03:3f4::/48
2602:ff03:3fc::/48
2602:ff03:400::/48
2602:ff03:40::/48
2602:ff03:40b::/48
2602:ff03:40e::/48
2602:ff03:41a::/48
2602:ff03:428::/48
2602:ff03:42d::/48
2602:ff03:436::/48
2602:ff03:44f::/48
2602:ff03:450::/48
2602:ff03:454::/48
2602:ff03:45a::/48
2602:ff03:469::/48
2602:ff03:46e::/47
2602:ff03:470::/48
2602:ff03:474::/48
2602:ff03:47a::/48
2602:ff03:482::/48
2602:ff03:487::/48
2602:ff03:489::/48
2602:ff03:48a::/48
2602:ff03:48d::/48
2602:ff03:48f::/48
2602:ff03:499::/48
2602:ff03:4::/47
2602:ff03:4a4::/47
2602:ff03:4a7::/48
2602:ff03:4ad::/48
2602:ff03:4b2::/48
2602:ff03:4b9::/48
2602:ff03:4c5::/48
2602:ff03:4c9::/48
2602:ff03:4d0::/47
2602:ff03:4d3::/48
2602:ff03:4d9::/48
2602:ff03:4db::/48
2602:ff03:4e8::/48
2602:ff03:4f0::/48
2602:ff03:4f6::/48
2602:ff03:503::/48
2602:ff03:505::/48
2602:ff03:507::/48
2602:ff03:519::/48
2602:ff03:51d::/48
2602:ff03:523::/48
2602:ff03:527::/48
2602:ff03:528::/47
2602:ff03:52::/48
2602:ff03:52c::/48
2602:ff03:539::/48
2602:ff03:53a::/48
2602:ff03:540::/48
2602:ff03:547::/48
2602:ff03:555::/48
2602:ff03:557::/48
2602:ff03:558::/48
2602:ff03:562::/48
2602:ff03:564::/48
2602:ff03:568::/47
2602:ff03:575::/48
2602:ff03:576::/48
2602:ff03:579::/48
2602:ff03:57e::/48
2602:ff03:580::/48
2602:ff03:595::/48
2602:ff03:59a::/47
2602:ff03:5a4::/48
2602:ff03:5ae::/47
2602:ff03:5b1::/48
2602:ff03:5da::/48
2602:ff03:5de::/48
2602:ff03:5e8::/48
2602:ff03:604::/48
2602:ff03:610::/48
2602:ff03:612::/47
2602:ff03:619::/48
2602:ff03:61a::/48
2602:ff03:61c::/48
2602:ff03:627::/48
2602:ff03:63f::/48
2602:ff03:641::/48
2602:ff03:649::/48
2602:ff03:657::/48
2602:ff03:65::/48
2602:ff03:65a::/48
2602:ff03:662::/48
2602:ff03:664::/48
2602:ff03:668::/48
2602:ff03:677::/48
2602:ff03:67a::/48
2602:ff03:680::/48
2602:ff03:689::/48
2602:ff03:692::/48
2602:ff03:694::/48
2602:ff03:698::/48
2602:ff03:6a4::/48
2602:ff03:6a6::/48
2602:ff03:6a9::/48
2602:ff03:6ad::/48
2602:ff03:6ae::/48
2602:ff03:6b1::/48
2602:ff03:6b2::/48
2602:ff03:6bf::/48
2602:ff03:6c1::/48
2602:ff03:6c8::/48
2602:ff03:6ca::/48
2602:ff03:6d3::/48
2602:ff03:6d::/48
2602:ff03:6e5::/48
2602:ff03:6e::/48
2602:ff03:6f5::/48
2602:ff03:6ff::/48
2602:ff03:703::/48
2602:ff03:70b::/48
2602:ff03:70d::/48
2602:ff03:710::/48
2602:ff03:71a::/48
2602:ff03:726::/47
2602:ff03:734::/48
2602:ff03:738::/48
2602:ff03:73b::/48
2602:ff03:746::/48
2602:ff03:74d::/48
2602:ff03:758::/48
2602:ff03:75d::/48
2602:ff03:75f::/48
2602:ff03:760::/48
2602:ff03:767::/48
2602:ff03:76c::/48
2602:ff03:778::/48
2602:ff03:77::/48
2602:ff03:77a::/48
2602:ff03:77d::/48
2602:ff03:784::/48
2602:ff03:78a::/48
2602:ff03:795::/48
2602:ff03:796::/48
2602:ff03:79a::/48
2602:ff03:7::/48
2602:ff03:7a1::/48
2602:ff03:7a::/48
2602:ff03:7b1::/48
2602:ff03:7bb::/48
2602:ff03:7bd::/48
2602:ff03:7c9::/48
2602:ff03:7cb::/48
2602:ff03:7cc::/48
2602:ff03:7d5::/48
2602:ff03:7de::/48
2602:ff03:7e9::/48
2602:ff03:7ed::/48
2602:ff03:7fa::/48
2602:ff03:7fe::/48
2602:ff03:804::/47
2602:ff03:80::/48
2602:ff03:80f::/48
2602:ff03:811::/48
2602:ff03:817::/48
2602:ff03:820::/47
2602:ff03:827::/48
2602:ff03:82c::/48
2602:ff03:82e::/48
2602:ff03:832::/48
2602:ff03:834::/48
2602:ff03:836::/48
2602:ff03:839::/48
2602:ff03:84::/48
2602:ff03:84c::/48
2602:ff03:853::/48
2602:ff03:854::/48
2602:ff03:85e::/47
2602:ff03:867::/48
2602:ff03:868::/48
2602:ff03:86d::/48
2602:ff03:86e::/48
2602:ff03:874::/47
2602:ff03:878::/47
2602:ff03:88f::/48
2602:ff03:892::/48
2602:ff03:89c::/48
2602:ff03:89f::/48
2602:ff03:8a4::/48
2602:ff03:8af::/48
2602:ff03:8b::/48
2602:ff03:8c2::/48
2602:ff03:8d0::/48
2602:ff03:8d4::/48
2602:ff03:8db::/48
2602:ff03:8f2::/48
2602:ff03:8f8::/48
2602:ff03:8fa::/48
2602:ff03:902::/47
2602:ff03:906::/48
2602:ff03:90::/48
2602:ff03:90a::/48
2602:ff03:90d::/48
2602:ff03:90e::/48
2602:ff03:915::/48
2602:ff03:91a::/48
2602:ff03:91f::/48
2602:ff03:922::/48
2602:ff03:925::/48
2602:ff03:927::/48
2602:ff03:92e::/48
2602:ff03:932::/48
2602:ff03:934::/47
2602:ff03:936::/48
2602:ff03:938::/48
2602:ff03:93a::/48
2602:ff03:93c::/47
2602:ff03:93e::/48
2602:ff03:94a::/48
2602:ff03:94d::/48
2602:ff03:951::/48
2602:ff03:958::/48
2602:ff03:95e::/47
2602:ff03:960::/48
2602:ff03:967::/48
2602:ff03:96b::/48
2602:ff03:978::/47
2602:ff03:981::/48
2602:ff03:984::/48
2602:ff03:989::/48
2602:ff03:98a::/48
2602:ff03:990::/48
2602:ff03:9b2::/48
2602:ff03:9bf::/48
2602:ff03:9c::/48
2602:ff03:9de::/48
2602:ff03:9e9::/48
2602:ff03:9e::/48
2602:ff03:9ea::/48
2602:ff03:9fe::/48
2602:ff03::/47
2602:ff03:a02::/48
2602:ff03:a0c::/48
2602:ff03:a18::/48
2602:ff03:a2a::/48
2602:ff03:a34::/48
2602:ff03:a3e::/47
2602:ff03:a45::/48
2602:ff03:a48::/48
2602:ff03:a4::/48
2602:ff03:a4f::/48
2602:ff03:a53::/48
2602:ff03:a6b::/48
2602:ff03:a74::/48
2602:ff03:a7::/48
2602:ff03:a7d::/48
2602:ff03:a86::/48
2602:ff03:a8d::/48
2602:ff03:a9c::/48
2602:ff03:a::/48
2602:ff03:aac::/48
2602:ff03:ab0::/48
2602:ff03:ab2::/48
2602:ff03:ab4::/48
2602:ff03:ab6::/47
2602:ff03:ab8::/48
2602:ff03:ac6::/47
2602:ff03:ad9::/48
2602:ff03:ae1::/48
2602:ff03:ae2::/48
2602:ff03:ae4::/48
2602:ff03:ae7::/48
2602:ff03:ae8::/48
2602:ff03:aee::/48
2602:ff03:af1::/48
2602:ff03:af7::/48
2602:ff03:b02::/47
2602:ff03:b08::/48
2602:ff03:b12::/48
2602:ff03:b19::/48
2602:ff03:b1::/48
2602:ff03:b20::/48
2602:ff03:b22::/48
2602:ff03:b28::/47
2602:ff03:b2b::/48
2602:ff03:b30::/48
2602:ff03:b32::/47
2602:ff03:b38::/48
2602:ff03:b3e::/48
2602:ff03:b43::/48
2602:ff03:b5::/48
2602:ff03:b5c::/48
2602:ff03:b62::/48
2602:ff03:b64::/48
2602:ff03:b77::/48
2602:ff03:b7e::/48
2602:ff03:b83::/48
2602:ff03:b89::/48
2602:ff03:b92::/48
2602:ff03:b9b::/48
2602:ff03:b9e::/48
2602:ff03:ba0::/48
2602:ff03:bbd::/48
2602:ff03:bbf::/48
2602:ff03:bc3::/48
2602:ff03:bc5::/48
2602:ff03:bf::/48
2602:ff03:c03::/48
2602:ff03:c0f::/48
2602:ff03:c16::/48
2602:ff03:c1c::/46
2602:ff03:c26::/48
2602:ff03:c2c::/47
2602:ff03:c31::/48
2602:ff03:c3a::/48
2602:ff03:c3f::/48
2602:ff03:c46::/48
2602:ff03:c54::/47
2602:ff03:c5::/48
2602:ff03:c5e::/48
2602:ff03:c64::/48
2602:ff03:c6b::/48
2602:ff03:c70::/48
2602:ff03:c7::/48
2602:ff03:c7a::/48
2602:ff03:c83::/48
2602:ff03:c85::/48
2602:ff03:c92::/48
2602:ff03:c98::/48
2602:ff03:c9c::/48
2602:ff03:ca1::/48
2602:ff03:ca::/48
2602:ff03:caf::/48
2602:ff03:cb7::/48
2602:ff03:cbb::/48
2602:ff03:cc5::/48
2602:ff03:cc::/48
2602:ff03:ccb::/48
2602:ff03:ccf::/48
2602:ff03:cd1::/48
2602:ff03:cd4::/48
2602:ff03:cd8::/48
2602:ff03:ce0::/48
2602:ff03:ce4::/48
2602:ff03:cf3::/48
2602:ff03:cf5::/48
2602:ff03:cf7::/48
2602:ff03:cfb::/48
2602:ff03:cfc::/48
2602:ff03:d03::/48
2602:ff03:d05::/48
2602:ff03:d07::/48
2602:ff03:d1e::/48
2602:ff03:d20::/48
2602:ff03:d24::/47
2602:ff03:d2b::/48
2602:ff03:d2c::/48
2602:ff03:d31::/48
2602:ff03:d35::/48
2602:ff03:d46::/48
2602:ff03:d4e::/48
2602:ff03:d54::/48
2602:ff03:d57::/48
2602:ff03:d59::/48
2602:ff03:d60::/48
2602:ff03:d6::/48
2602:ff03:d6f::/48
2602:ff03:d71::/48
2602:ff03:d7f::/48
2602:ff03:d85::/48
2602:ff03:d86::/48
2602:ff03:d8a::/47
2602:ff03:d98::/47
2602:ff03:d9a::/48
2602:ff03:da2::/47
2602:ff03:da5::/48
2602:ff03:da9::/48
2602:ff03:da::/48
2602:ff03:dbb::/48
2602:ff03:dc6::/48
2602:ff03:dc8::/48
2602:ff03:dd4::/48
2602:ff03:de3::/48
2602:ff03:de4::/48
2602:ff03:dea::/48
2602:ff03:df1::/48
2602:ff03:df3::/48
2602:ff03:df7::/48
2602:ff03:e03::/48
2602:ff03:e19::/48
2602:ff03:e1c::/48
2602:ff03:e25::/48
2602:ff03:e2a::/48
2602:ff03:e34::/48
2602:ff03:e44::/48
2602:ff03:e48::/48
2602:ff03:e4a::/48
2602:ff03:e53::/48
2602:ff03:e5c::/48
2602:ff03:e6b::/48
2602:ff03:e79::/48
2602:ff03:e7c::/48
2602:ff03:e7e::/48
2602:ff03:e80::/48
2602:ff03:e87::/48
2602:ff03:e8d::/48
2602:ff03:e8e::/48
2602:ff03:e92::/48
2602:ff03:e95::/48
2602:ff03:e9::/48
2602:ff03:ea7::/48
2602:ff03:eac::/48
2602:ff03:eae::/48
2602:ff03:eb0::/48
2602:ff03:eb6::/48
2602:ff03:eb9::/48
2602:ff03:ed2::/48
2602:ff03:ef0::/48
2602:ff03:ef4::/48
2602:ff03:ef9::/48
2602:ff03:efa::/48
2602:ff03:efe::/48
2602:ff03:f07::/48
2602:ff03:f0b::/48
2602:ff03:f12::/48
2602:ff03:f18::/48
2602:ff03:f1e::/47
2602:ff03:f22::/47
2602:ff03:f25::/48
2602:ff03:f26::/47
2602:ff03:f31::/48
2602:ff03:f34::/48
2602:ff03:f3::/48
2602:ff03:f3b::/48
2602:ff03:f44::/48
2602:ff03:f46::/48
2602:ff03:f4a::/48
2602:ff03:f51::/48
2602:ff03:f56::/48
2602:ff03:f63::/48
2602:ff03:f68::/48
2602:ff03:f79::/48
2602:ff03:f7a::/48
2602:ff03:f7f::/48
2602:ff03:f84::/48
2602:ff03:f87::/48
2602:ff03:f89::/48
2602:ff03:f8f::/48
2602:ff03:f93::/48
2602:ff03:f94::/48
2602:ff03:f99::/48
2602:ff03:fa4::/48
2602:ff03:fa9::/48
2602:ff03:fb7::/48
2602:ff03:fbd::/48
2602:ff03:fc7::/48
2602:ff03:fc9::/48
2602:ff03:fce::/48
2602:ff03:fd::/48
2602:ff03:fe0::/48
2602:ff03:fe6::/48
2602:ff03:fe::/47
2602:ff03:feb::/48
2602:ff03:ff3::/48
2602:ffc5:108::/48
2602:ffc5:200::/48
2606:f180:15::/48
2606:f180:5::/48
2607:7180::/32
2620:1d:a000::/48
2620:53:a000::/44
2620:60:a000::/48
2620:b3:2000::/48
2a03:4a81::/32
2a03:60c0::/32
2a04:30c0::/32
2a04:5b81:2010::/44
2a04:5b81:2060::/48
2a04:5b81:2190::/48
2a04:a142::/32
2a04:a147::/32
2a05:2d07::/32
2a05:f480:1000::/36
2a05:f480:2000::/36
2a05:f480:3000::/37
2a05:f480:3800::/38
2a05:f487:fc00::/38
2a06:1287::/32
2a06:25c0::/32
2a06:3e87::/32
2a06:4c00::/32
2a06:9801:214::/48
2a06:de01:d0::/44
2a07:5580::/32
2a07:a341::/32
2a07:e000:100::/40
2a07:e000:400::/38
2a07:eb80:b::/48
2a0a:6044:ac60::/48
2a0a:bb06:1000::/48
2a0a:bb06:1::/48
2a0a:bb06:2::/48
2a0a:d685:1e1::/48
2a0a:d685:1fc::/47
2a0b:64c4::/31
2a0d:2680:2111::/48
2a0d:2680:bf90::/48
2a0e:4001:10::/47
2a0e:9d40::/32
2a0e:b107:df2::/48
2a0e:b800:aaaa::/48
2a0e:b800:abcd::/48
2a0e:b800:baba::/48
2a0e:b800:bbaa::/48
2a0f:13c0::/29
2a0f:3e00::/29
2a0f:6280:1007::/48
2a0f:6280:1050::/48
2a0f:6282:4000::/37
2a0f:7d00:1::/48
2a0f:9400:6166::/47
2a0f:9400:690a::/47
2a0f:9400:8020::/48
2a0f:f42::/32
2a0f:f45::/32
2a0f:f46::/31
2a10:1c80::/29
2a10:2500::/29
2a10:ccc1:405::/48
2a10:ccc1:407::/48
2a10:ccc1:408::/48
2a10:ccc1:40a::/47
2a10:ccc1:413::/48
2a10:ccc1:414::/48
2a10:ccc1:41c::/48
2a10:ccc1:42c::/48
2a10:ccc1:432::/47
2a10:ccc1:43d::/48
2a10:ccc1:440::/48
2a10:ccc1:44e::/48
2a10:ccc1:456::/48
2a10:ccc1:461::/48
2a10:ccc1:469::/48
2a10:ccc1:46a::/48
2a10:ccc1:478::/48
2a10:ccc1:47a::/48
2a10:ccc1:48d::/48
2a10:ccc1:495::/48
2a10:ccc1:499::/48
2a10:ccc1:49c::/48
2a10:ccc1:4a0::/48
2a10:ccc1:4ab::/48
2a10:ccc1:4b1::/48
2a10:ccc1:4bb::/48
2a10:ccc1:4c6::/48
2a10:ccc1:4ca::/48
2a10:ccc1:4cd::/48
2a10:ccc1:4cf::/48
2a10:ccc1:4d1::/48
2a10:ccc1:4e1::/48
2a10:ccc1:4ef::/48
2a10:ccc1:4f3::/48
2a10:fa80:110::/47
2a10:fa80:2000::/36
2a10:fa80:5::/48
2a10:fa80:6::/48
2a10:fa81:1500::/40
2a10:fa81:2114::/48
2a10:fa81:2189::/48
2a10:fa81:21c4::/47
2a10:fa81:21f0::/48
2a10:fa81:f00::/40
2a11:ed00::/29
2a11:ef00::/29
2a11:f100::/29
2a11:f300::/29
2a11:f500::/29
2a11:f900::/29
2a12:600::/32
2a12:7240::/29
2a12:fc0:10::/48
2a13:1000::/48
2a13:1002::/47
2a13:9500:1ac::/48
2a13:9500:1b3::/48
2a13:9500:1d8::/48
2a13:9500:61::/48
2a13:9500:cf::/48
2a14:7583:e500::/40
2a14:7583:ef30::/48
2a14:7583:f09c::/46
2a14:7583:f0e8::/46
2a14:7583:f140::/46
2a14:7583:f188::/46
2a14:7584:8000::/35
2a14:ae00:100::/48
2a14:ae00:c::/48
2a14:ae07::/48
